test_function_success ok
